MIOpen(HIP): Warning [IsEnoughWorkspace] [GetSolutionsFallback WTI] Solver <GemmFwdRest>, workspace required: 9437184, provided ptr: 0 size: 0
MIOpen(HIP): Warning [IsEnoughWorkspace] [EvaluateInvokers] Solver <GemmFwdRest>, workspace required: 9437184, provided ptr: 0 size: 0
MIOpen(HIP): Warning [IsEnoughWorkspace] [GetSolutionsFallback WTI] Solver <GemmFwdRest>, workspace required: 18874368, provided ptr: 0 size: 0
MIOpen(HIP): Warning [IsEnoughWorkspace] [EvaluateInvokers] Solver <GemmFwdRest>, workspace required: 18874368, provided ptr: 0 size: 0
MIOpen(HIP): Warning [IsEnoughWorkspace] [GetSolutionsFallback WTI] Solver <GemmFwdRest>, workspace required: 18874368, provided ptr: 0 size: 0
MIOpen(HIP): Warning [IsEnoughWorkspace] [EvaluateInvokers] Solver <GemmFwdRest>, workspace required: 18874368, provided ptr: 0 size: 0
MIOpen(HIP): Warning [IsEnoughWorkspace] [GetSolutionsFallback WTI] Solver <GemmFwdRest>, workspace required: 75497472, provided ptr: 0 size: 0
MIOpen(HIP): Warning [IsEnoughWorkspace] [EvaluateInvokers] Solver <GemmFwdRest>, workspace required: 75497472, provided ptr: 0 size: 0
MIOpen(HIP): Warning [IsEnoughWorkspace] [GetSolutionsFallback WTI] Solver <GemmFwdRest>, workspace required: 75497472, provided ptr: 0 size: 0
MIOpen(HIP): Warning [IsEnoughWorkspace] [EvaluateInvokers] Solver <GemmFwdRest>, workspace required: 75497472, provided ptr: 0 size: 0
MIOpen(HIP): Warning [IsEnoughWorkspace] [GetSolutionsFallback WTI] Solver <GemmFwdRest>, workspace required: 75497472, provided ptr: 0 size: 0
MIOpen(HIP): Warning [IsEnoughWorkspace] [EvaluateInvokers] Solver <GemmFwdRest>, workspace required: 75497472, provided ptr: 0 size: 0
MIOpen(HIP): Warning [IsEnoughWorkspace] [GetSolutionsFallback WTI] Solver <GemmFwdRest>, workspace required: 9437184, provided ptr: 0 size: 0
MIOpen(HIP): Warning [IsEnoughWorkspace] [EvaluateInvokers] Solver <GemmFwdRest>, workspace required: 9437184, provided ptr: 0 size: 0
MIOpen(HIP): Warning [IsEnoughWorkspace] [GetSolutionsFallback WTI] Solver <GemmFwdRest>, workspace required: 18874368, provided ptr: 0 size: 0
MIOpen(HIP): Warning [IsEnoughWorkspace] [EvaluateInvokers] Solver <GemmFwdRest>, workspace required: 18874368, provided ptr: 0 size: 0
MIOpen(HIP): Warning [IsEnoughWorkspace] [GetSolutionsFallback WTI] Solver <GemmFwdRest>, workspace required: 18874368, provided ptr: 0 size: 0
MIOpen(HIP): Warning [IsEnoughWorkspace] [EvaluateInvokers] Solver <GemmFwdRest>, workspace required: 18874368, provided ptr: 0 size: 0
MIOpen(HIP): Warning [IsEnoughWorkspace] [GetSolutionsFallback WTI] Solver <GemmFwdRest>, workspace required: 75497472, provided ptr: 0 size: 0
MIOpen(HIP): Warning [IsEnoughWorkspace] [EvaluateInvokers] Solver <GemmFwdRest>, workspace required: 75497472, provided ptr: 0 size: 0
MIOpen(HIP): Warning [IsEnoughWorkspace] [GetSolutionsFallback WTI] Solver <GemmFwdRest>, workspace required: 75497472, provided ptr: 0 size: 0
MIOpen(HIP): Warning [IsEnoughWorkspace] [EvaluateInvokers] Solver <GemmFwdRest>, workspace required: 75497472, provided ptr: 0 size: 0
MIOpen(HIP): Warning [IsEnoughWorkspace] [GetSolutionsFallback WTI] Solver <GemmFwdRest>, workspace required: 75497472, provided ptr: 0 size: 0
MIOpen(HIP): Warning [IsEnoughWorkspace] [EvaluateInvokers] Solver <GemmFwdRest>, workspace required: 75497472, provided ptr: 0 size: 0
MIOpen(HIP): Warning [IsEnoughWorkspace] [GetSolutionsFallback WTI] Solver <GemmFwdRest>, workspace required: 9437184, provided ptr: 0 size: 0
MIOpen(HIP): Warning [IsEnoughWorkspace] [EvaluateInvokers] Solver <GemmFwdRest>, workspace required: 9437184, provided ptr: 0 size: 0
MIOpen(HIP): Warning [IsEnoughWorkspace] [GetSolutionsFallback WTI] Solver <GemmFwdRest>, workspace required: 18874368, provided ptr: 0 size: 0
MIOpen(HIP): Warning [IsEnoughWorkspace] [EvaluateInvokers] Solver <GemmFwdRest>, workspace required: 18874368, provided ptr: 0 size: 0
MIOpen(HIP): Warning [IsEnoughWorkspace] [GetSolutionsFallback WTI] Solver <GemmFwdRest>, workspace required: 18874368, provided ptr: 0 size: 0
MIOpen(HIP): Warning [IsEnoughWorkspace] [EvaluateInvokers] Solver <GemmFwdRest>, workspace required: 18874368, provided ptr: 0 size: 0
MIOpen(HIP): Warning [IsEnoughWorkspace] [GetSolutionsFallback WTI] Solver <GemmFwdRest>, workspace required: 75497472, provided ptr: 0 size: 0
MIOpen(HIP): Warning [IsEnoughWorkspace] [EvaluateInvokers] Solver <GemmFwdRest>, workspace required: 75497472, provided ptr: 0 size: 0
MIOpen(HIP): Warning [IsEnoughWorkspace] [GetSolutionsFallback WTI] Solver <GemmFwdRest>, workspace required: 75497472, provided ptr: 0 size: 0
MIOpen(HIP): Warning [IsEnoughWorkspace] [EvaluateInvokers] Solver <GemmFwdRest>, workspace required: 75497472, provided ptr: 0 size: 0
MIOpen(HIP): Warning [IsEnoughWorkspace] [GetSolutionsFallback WTI] Solver <GemmFwdRest>, workspace required: 75497472, provided ptr: 0 size: 0
MIOpen(HIP): Warning [IsEnoughWorkspace] [EvaluateInvokers] Solver <GemmFwdRest>, workspace required: 75497472, provided ptr: 0 size: 0
{
  "comparison": [
    {
      "batch_size": 1,
      "gpu_over_cpu_speedup_by_mean_latency": 2.0353734549912814,
      "gpu_over_cpu_speedup_by_p50_latency": 2.070298750586062,
      "gpu_over_cpu_throughput_ratio": 2.0353734549912814
    },
    {
      "batch_size": 4,
      "gpu_over_cpu_speedup_by_mean_latency": 1.7550066776553839,
      "gpu_over_cpu_speedup_by_p50_latency": 1.7970469951156192,
      "gpu_over_cpu_throughput_ratio": 1.755006677655384
    },
    {
      "batch_size": 8,
      "gpu_over_cpu_speedup_by_mean_latency": 1.9712077535659018,
      "gpu_over_cpu_speedup_by_p50_latency": 1.9922148352696425,
      "gpu_over_cpu_throughput_ratio": 1.9712077535659018
    }
  ],
  "output": "/workspace/v8-cpugpu-formal-a7dd117.Vn18UY/REPORT.json",
  "run_class": "formal_additive",
  "source_commit": "a7dd1178ea551cea346a734d3ffedd448d6b732d",
  "status": "passed"
}
